// Jest Snapshot v1, https://goo.gl/fbAQLP

exports[`renders without crashing 1`] = `
<DocumentFragment>
  <div>
    <h1>
      uhhhhhhhhhhh
    </h1>
    <hr />
    <div />
  </div>
</DocumentFragment>
`;
